Godot Engine v4.6.2.stable.official.71f334935 - https://godotengine.org

[GameState] Ready.
[EventBus] Ready.
[ResourceManager] Ready. 13 resources tracked.
[TimeManager] Ready. Starting Day 0, 06:00.
[SaveSystem] Ready. Save dir: user://saves/
[AudioManager] Ready.
[BuildingDatabase] Ready. 9 definitions loaded.
[RecipeProcessor] Ready. 2 recipes loaded.
[EventManager] Ready. 5 events loaded.
[HUD] Ready. Panels: 8
[Ground] Phase 4 ready. Tiles=21025  Crew=6  Nodes=6
ERROR: The InputMap action "dummy_unused_action_for_focus_steal" doesn't exist. Did you mean "ui_text_add_selection_for_next_occurrence"?
   at: action_press (core/input/input.cpp:1124)
   GDScript backtrace (most recent call first):
       [0] _run (res://tests/phase_6_test.gd:135)
ERROR: The InputMap action "dummy_unused_action_for_focus_steal" doesn't exist. Did you mean "ui_text_add_selection_for_next_occurrence"?
   at: action_release (core/input/input.cpp:1142)
   GDScript backtrace (most recent call first):
       [0] _run (res://tests/phase_6_test.gd:136)
PASS
