Godot Engine v4.6.2.stable.official.71f334935 - https://godotengine.org

SCRIPT ERROR: Parse Error: Could not find type "WorldCamera" in the current scope.
   at: GDScript::reload (res://scripts/ui/zoom_controls.gd:7)
SCRIPT ERROR: Parse Error: Could not find type "WorldCamera" in the current scope.
   at: GDScript::reload (res://scripts/ui/zoom_controls.gd:15)
SCRIPT ERROR: Parse Error: Could not find type "WorldCamera" in the current scope.
   at: GDScript::reload (res://scripts/ui/zoom_controls.gd:21)
SCRIPT ERROR: Parse Error: Could not find type "WorldCamera" in the current scope.
   at: GDScript::reload (res://scripts/ui/zoom_controls.gd:26)
SCRIPT ERROR: Parse Error: Could not find type "WorldCamera" in the current scope.
   at: GDScript::reload (res://scripts/ui/zoom_controls.gd:32)
ERROR: Failed to load script "res://scripts/ui/zoom_controls.gd" with error "Parse error".
   at: load (modules/gdscript/gdscript.cpp:2907)
SCRIPT ERROR: Parse Error: Identifier "WorldCamera" not declared in the current scope.
   at: GDScript::reload (res://scripts/world/ground.gd:147)
SCRIPT ERROR: Parse Error: Cannot infer the type of "camera" variable because the value doesn't have a set type.
   at: GDScript::reload (res://scripts/world/ground.gd:147)
SCRIPT ERROR: Parse Error: Identifier "WorldCamera" not declared in the current scope.
   at: GDScript::reload (res://scripts/world/ground.gd:149)
SCRIPT ERROR: Parse Error: Identifier "WorldCamera" not declared in the current scope.
   at: GDScript::reload (res://scripts/world/ground.gd:150)
ERROR: Failed to load script "res://scripts/world/ground.gd" with error "Parse error".
   at: load (modules/gdscript/gdscript.cpp:2907)
[GameState] Ready.
[EventBus] Ready.
[ResourceManager] Ready. 13 resources tracked.
[TimeManager] Ready. Starting Day 0, 06:00.
[SaveSystem] Ready. Save dir: user://saves/
[AudioManager] Ready.
[BuildingDatabase] Ready. 9 definitions loaded.
