Godot Engine v4.6.2.stable.official.71f334935 - https://godotengine.org

[GameState] Ready.
[EventBus] Ready.
[ResourceManager] Ready. 13 resources tracked.
[TimeManager] Ready. Starting Day 0, 06:00.
[SaveSystem] Ready. Save dir: user://saves/
[AudioManager] Ready.
[BuildingDatabase] Ready. 9 definitions loaded.
SCRIPT ERROR: Parse Error: Could not find type "WorldCamera" in the current scope.
   at: GDScript::reload (res://scripts/ui/zoom_controls.gd:7)
   GDScript backtrace (most recent call first):
       [0] _run (res://tests/phase_5_test.gd:52)
SCRIPT ERROR: Parse Error: Could not find type "WorldCamera" in the current scope.
   at: GDScript::reload (res://scripts/ui/zoom_controls.gd:15)
   GDScript backtrace (most recent call first):
       [0] _run (res://tests/phase_5_test.gd:52)
SCRIPT ERROR: Parse Error: Could not find type "WorldCamera" in the current scope.
   at: GDScript::reload (res://scripts/ui/zoom_controls.gd:21)
   GDScript backtrace (most recent call first):
       [0] _run (res://tests/phase_5_test.gd:52)
SCRIPT ERROR: Parse Error: Could not find type "WorldCamera" in the current scope.
   at: GDScript::reload (res://scripts/ui/zoom_controls.gd:26)
   GDScript backtrace (most recent call first):
       [0] _run (res://tests/phase_5_test.gd:52)
SCRIPT ERROR: Parse Error: Could not find type "WorldCamera" in the current scope.
   at: GDScript::reload (res://scripts/ui/zoom_controls.gd:32)
   GDScript backtrace (most recent call first):
       [0] _run (res://tests/phase_5_test.gd:52)
ERROR: Failed to load script "res://scripts/ui/zoom_controls.gd" with error "Parse error".
   at: load (modules/gdscript/gdscript.cpp:2907)
   GDScript backtrace (most recent call first):
       [0] _run (res://tests/phase_5_test.gd:52)
SCRIPT ERROR: Parse Error: Identifier "WorldCamera" not declared in the current scope.
   at: GDScript::reload (res://scripts/world/ground.gd:147)
   GDScript backtrace (most recent call first):
       [0] _run (res://tests/phase_5_test.gd:52)
SCRIPT ERROR: Parse Error: Cannot infer the type of "camera" variable because the value doesn't have a set type.
   at: GDScript::reload (res://scripts/world/ground.gd:147)
   GDScript backtrace (most recent call first):
       [0] _run (res://tests/phase_5_test.gd:52)
SCRIPT ERROR: Parse Error: Identifier "WorldCamera" not declared in the current scope.
   at: GDScript::reload (res://scripts/world/ground.gd:149)
   GDScript backtrace (most recent call first):
       [0] _run (res://tests/phase_5_test.gd:52)
SCRIPT ERROR: Parse Error: Identifier "WorldCamera" not declared in the current scope.
   at: GDScript::reload (res://scripts/world/ground.gd:150)
   GDScript backtrace (most recent call first):
       [0] _run (res://tests/phase_5_test.gd:52)
ERROR: Failed to load script "res://scripts/world/ground.gd" with error "Parse error".
   at: load (modules/gdscript/gdscript.cpp:2907)
   GDScript backtrace (most recent call first):
       [0] _run (res://tests/phase_5_test.gd:52)
ERROR: Condition "tile_set.is_null()" is true. Returning: Vector2i()
   at: local_to_map (scene/2d/tile_map_layer.cpp:3155)
   GDScript backtrace (most recent call first):
       [0] _snap (res://scripts/buildings/build_placement_controller.gd:111)
       [1] place_building (res://scripts/buildings/build_placement_controller.gd:94)
       [2] _run (res://tests/phase_5_test.gd:82)
ERROR: Condition "tile_set.is_null()" is true. Returning: Vector2()
   at: map_to_local (scene/2d/tile_map_layer.cpp:3150)
   GDScript backtrace (most recent call first):
       [0] _snap (res://scripts/buildings/build_placement_controller.gd:112)
       [1] place_building (res://scripts/buildings/build_placement_controller.gd:94)
       [2] _run (res://tests/phase_5_test.gd:82)
ERROR: Condition "tile_set.is_null()" is true. Returning: Vector2i()
   at: local_to_map (scene/2d/tile_map_layer.cpp:3155)
   GDScript backtrace (most recent call first):
       [0] _world_to_cell (res://scripts/buildings/build_placement_controller.gd:119)
       [1] place_building (res://scripts/buildings/build_placement_controller.gd:96)
       [2] _run (res://tests/phase_5_test.gd:82)
PASS
